<html>
<body>
<pre>
<h1>µVision Build Log</h1>
<h2>Tool Versions:</h2>
IDE-Version: µVision V5.39.0.0
Copyright (C) 2023 ARM Ltd and ARM Germany GmbH. All rights reserved.
License Information: Nithisha sathishkumar, university of washington, LIC=----
 
Tool Versions:
Toolchain:       MDK-Lite  Version: 5.39.0.0
Toolchain Path:  C:\Keil_v5\ARM\ARMCLANG\Bin
C Compiler:      ArmClang.exe V6.21
Assembler:       Armasm.exe V6.21
Linker/Locator:  ArmLink.exe V6.21
Library Manager: ArmAr.exe V6.21
Hex Converter:   FromElf.exe V6.21
CPU DLL:         SARMCM3.DLL V5.39.0.0
Dialog DLL:      DCM.DLL V1.17.5.0
Target DLL:      UL2CM3.DLL V1.164.9.0
Dialog DLL:      TCM.DLL V1.56.4.0
 
<h2>Project:</h2>
C:\Users\sathi\Downloads\Final_Project\422_Final_Project.uvprojx
Project File Date:  05/17/2024

<h2>Output:</h2>
*** Using Compiler 'V6.21', folder: 'C:\Keil_v5\ARM\ARMCLANG\Bin'
Build target 'Target 1'
../driver_keil.c(5): warning: a function declaration without a prototype is deprecated in all versions of C [-Wstrict-prototypes]
    5 | extern void* _memcpy( );
      |                     ^
      |                       void
../driver_keil.c(25): warning: unused parameter 'signum' [-Wunused-parameter]
   25 | void sig_handler1( int signum ) {
      |                        ^
../driver_keil.c(25): warning: no previous prototype for function 'sig_handler1' [-Wmissing-prototypes]
   25 | void sig_handler1( int signum ) {
      |      ^
../driver_keil.c(25): note: declare 'static' if the function is not intended to be used outside of this translation unit
   25 | void sig_handler1( int signum ) {
      | ^
      | static 
../driver_keil.c(29): warning: unused parameter 'signum' [-Wunused-parameter]
   29 | void sig_handler2( int signum ) {
      |                        ^
../driver_keil.c(29): warning: no previous prototype for function 'sig_handler2' [-Wmissing-prototypes]
   29 | void sig_handler2( int signum ) {
      |      ^
../driver_keil.c(29): note: declare 'static' if the function is not intended to be used outside of this translation unit
   29 | void sig_handler2( int signum ) {
      | ^
      | static 
../driver_keil.c(33): warning: a function declaration without a prototype is deprecated in all versions of C [-Wstrict-prototypes]
   33 | int main( ) {
      |         ^
      |           void
../driver_keil.c(121): warning: no newline at end of file [-Wnewline-eof]
  121 | }
      |  ^
../driver_keil.c(39): warning: mixing declarations and code is incompatible with standards before C99 [-Wdeclaration-after-statement]
   39 |   void* mem1 = _malloc( 1024 );
      |         ^
../driver_keil.c(23): warning: no previous extern declaration for non-static variable 'alarmed' [-Wmissing-variable-declarations]
   23 | int* alarmed;
      |      ^
../driver_keil.c(23): note: declare 'static' if the variable is not intended to be used outside of this translation unit
   23 | int* alarmed;
      | ^
9 warnings generated.
compiling driver_keil.c...
"../heap.s", line 245: Warning: A1581W: Added 2 bytes of padding at address 0x1ae
  245 000001b0   END
0 Errors, 1 Warning
assembling heap.s...
assembling svc.s...
assembling stdlib.s...
assembling timer.s...
assembling startup_TM4C129.s...
linking...
Program Size: Code=2328 RO-data=584 RW-data=4 ZI-data=24680  
".\Objects\422_Final_Project.axf" - 0 Error(s), 9 Warning(s).

<h2>Software Packages used:</h2>

Package Vendor: ARM
                http://www.keil.com/pack/ARM.CMSIS.5.9.0.pack
                ARM::CMSIS@5.9.0
                CMSIS (Common Microcontroller Software Interface Standard)
   * Component: CORE Version: 5.6.0

Package Vendor: Keil
                http://www.keil.com/pack/Keil.TM4C_DFP.1.1.0.pack
                Keil::TM4C_DFP@1.1.0
                Texas Instruments Tiva C Series Device Support and Examples
   * Component: Startup Version: 1.0.0

<h2>Collection of Component include folders:</h2>
  ./RTE/_Target_1
  C:/Users/sathi/AppData/Local/Arm/Packs/ARM/CMSIS/5.9.0/CMSIS/Core/Include
  C:/Users/sathi/AppData/Local/Arm/Packs/Keil/TM4C_DFP/1.1.0/Device/Include/TM4C129

<h2>Collection of Component Files used:</h2>

   * Component: ARM::CMSIS:CORE@5.6.0

   * Component: Keil::Device:Startup@1.0.0
      Source file:   Device/Source/ARM/startup_TM4C129.s
      Source file:   Device/Source/system_TM4C129.c
      Include file:  Device/Include/TM4C129/TM4C129.h
Build Time Elapsed:  00:00:00
</pre>
</body>
</html>
